{
    "criteria": {
        "use_item": {
            "trigger": "minecraft:consume_item",
            "conditions": {
                "item": {
                    "items": [
                        "minecraft:golden_axe"
                    ]
                }
            }
        }
    },
    "rewards": {
        "function": "tools:from_adv/grades/golden/axe"
    }
}