{
    "criteria": {
        "use_item": {
            "trigger": "minecraft:consume_item",
            "conditions": {
                "item": {
                    "items": [
                        "minecraft:golden_shovel"
                    ]
                }
            }
        }
    },
    "rewards": {
        "function": "tools:from_adv/grades/golden/shovel"
    }
}