{
    "pools": [
        {
            "rolls": 1,
            "entries": [
                {
                    "type": "item",
                    "weight": 1,
                    "name": "minecraft:golden_hoe",
                    "functions": [
                        {
                            "function": "set_count",
                            "count": 1
                        },
                        {
                            "function": "set_name",
                            "name": [
                                {
                                    "text": "金のクワ"
                                }
                            ]
                        }
                    ]
                }
            ]
        }
    ]
}